Info: Starting: Create block symbol file (.bsf)
Info: qsys-generate C:\Users\Soumithri\Desktop\project_base\nios_system.qsys --block-symbol-file --output-directory=C:\Users\Soumithri\Desktop\project_base\nios_system --family="Cyclone IV E" --part=EP4CE115F29C7
Progress: Loading project_base/nios_system.qsys
Progress: Reading input file
Progress: Adding AV_Config [altera_up_avalon_audio_and_video_config 15.0]
Progress: Parameterizing module AV_Config
Progress: Adding CPU [altera_nios2_qsys 15.0]
Progress: Parameterizing module CPU
Progress: Adding Chroma_Resampler [altera_up_avalon_video_chroma_resampler 15.0]
Progress: Parameterizing module Chroma_Resampler
Progress: Adding Color_Space_Converter [altera_up_avalon_video_csc 15.0]
Progress: Parameterizing module Color_Space_Converter
Progress: Adding Dual_Clock_FIFO [altera_up_avalon_video_dual_clock_buffer 15.0]
Progress: Parameterizing module Dual_Clock_FIFO
Progress: Adding Onchip_Memory [altera_avalon_onchip_memory2 15.0]
Progress: Parameterizing module Onchip_Memory
Progress: Adding Pixel_Buffer [altera_up_avalon_sram 15.0]
Progress: Parameterizing module Pixel_Buffer
Progress: Adding Pixel_Buffer_DMA [altera_up_avalon_video_pixel_buffer_dma 15.0]
Progress: Parameterizing module Pixel_Buffer_DMA
Progress: Adding Pixel_Processor_DMA [Pixel_Processor_DMA 1.0]
Progress: Parameterizing module Pixel_Processor_DMA
Progress: Adding Pixel_RGB_Resampler [altera_up_avalon_video_rgb_resampler 15.0]
Progress: Parameterizing module Pixel_RGB_Resampler
Progress: Adding Pixel_Scaler [altera_up_avalon_video_scaler 15.0]
Progress: Parameterizing module Pixel_Scaler
Progress: Adding VGA_Controller [altera_up_avalon_video_vga_controller 15.0]
Progress: Parameterizing module VGA_Controller
Progress: Adding Video_Clipper [altera_up_avalon_video_clipper 15.0]
Progress: Parameterizing module Video_Clipper
Progress: Adding Video_In_Decoder [altera_up_avalon_video_decoder 15.0]
Progress: Parameterizing module Video_In_Decoder
Progress: Adding Video_RGB_Resampler [altera_up_avalon_video_rgb_resampler 15.0]
Progress: Parameterizing module Video_RGB_Resampler
Progress: Adding Video_Scaler [altera_up_avalon_video_scaler 15.0]
Progress: Parameterizing module Video_Scaler
Progress: Adding clk_0 [clock_source 15.0]
Progress: Parameterizing module clk_0
Progress: Adding video_pll_0 [altera_up_avalon_video_pll 15.0]
Progress: Parameterizing module video_pll_0
Progress: Building connections
Progress: Parameterizing connections
Progress: Validating
Progress: Done reading input file
Warning: nios_system.CPU: Nios II Classic cores are now superseded by improved Gen 2 cores.
Info: nios_system.CPU: CPUID control register value is 0. Please manually assign CPUID if creating multiple Nios II system
Info: nios_system.Chroma_Resampler: Chroma Resampling: 8 (bits) x 2 (planes) -> 8 (bits) x 3 (planes)
Info: nios_system.Color_Space_Converter: Colour Space Conversion: 8 (bits) x 3 (planes) (444 YCrCb) -> 8 (bits) x 3 (planes) (24-bit RGB)
Info: nios_system.Pixel_RGB_Resampler: RGB Resampling: 16 (bits) x 1 (planes) -> 10 (bits) x 3 (planes)
Info: nios_system.Pixel_Scaler: Change in Resolution: 320 x 240 -> 640 x 480
Info: nios_system.VGA_Controller: Video Output Stream: Format: 640 x 480 with Color: 10 (bits) x 3 (planes) converted to 8 (bits) per color plane
Info: nios_system.Video_Clipper: Change in Resolution: 720 x 244 -> 640 x 240
Info: nios_system.Video_In_Decoder: Video In Stream: Format: 720 x 244 (Odd Frames) or 720 x 243 (Even Frames) with Colour: 8 (bits) x 2 (planes) (YCrCb 4:2:2)
Info: nios_system.Video_RGB_Resampler: RGB Resampling: 8 (bits) x 3 (planes) -> 16 (bits) x 1 (planes)
Info: nios_system.Video_Scaler: Change in Resolution: 640 x 240 -> 320 x 240
Warning: nios_system.Pixel_Processor_DMA: Pixel_Processor_DMA.slave must be connected to an Avalon-MM master
Info: ip-generate succeeded.
Info: Finished: Create block symbol file (.bsf)
Info: 
Info: Starting: Create HDL design files for synthesis
Info: qsys-generate C:\Users\Soumithri\Desktop\project_base\nios_system.qsys --synthesis=VERILOG --output-directory=C:\Users\Soumithri\Desktop\project_base\nios_system\synthesis --family="Cyclone IV E" --part=EP4CE115F29C7
Progress: Loading project_base/nios_system.qsys
Progress: Reading input file
Progress: Adding AV_Config [altera_up_avalon_audio_and_video_config 15.0]
Progress: Parameterizing module AV_Config
Progress: Adding CPU [altera_nios2_qsys 15.0]
Progress: Parameterizing module CPU
Progress: Adding Chroma_Resampler [altera_up_avalon_video_chroma_resampler 15.0]
Progress: Parameterizing module Chroma_Resampler
Progress: Adding Color_Space_Converter [altera_up_avalon_video_csc 15.0]
Progress: Parameterizing module Color_Space_Converter
Progress: Adding Dual_Clock_FIFO [altera_up_avalon_video_dual_clock_buffer 15.0]
Progress: Parameterizing module Dual_Clock_FIFO
Progress: Adding Onchip_Memory [altera_avalon_onchip_memory2 15.0]
Progress: Parameterizing module Onchip_Memory
Progress: Adding Pixel_Buffer [altera_up_avalon_sram 15.0]
Progress: Parameterizing module Pixel_Buffer
Progress: Adding Pixel_Buffer_DMA [altera_up_avalon_video_pixel_buffer_dma 15.0]
Progress: Parameterizing module Pixel_Buffer_DMA
Progress: Adding Pixel_Processor_DMA [Pixel_Processor_DMA 1.0]
Progress: Parameterizing module Pixel_Processor_DMA
Progress: Adding Pixel_RGB_Resampler [altera_up_avalon_video_rgb_resampler 15.0]
Progress: Parameterizing module Pixel_RGB_Resampler
Progress: Adding Pixel_Scaler [altera_up_avalon_video_scaler 15.0]
Progress: Parameterizing module Pixel_Scaler
Progress: Adding VGA_Controller [altera_up_avalon_video_vga_controller 15.0]
Progress: Parameterizing module VGA_Controller
Progress: Adding Video_Clipper [altera_up_avalon_video_clipper 15.0]
Progress: Parameterizing module Video_Clipper
Progress: Adding Video_In_Decoder [altera_up_avalon_video_decoder 15.0]
Progress: Parameterizing module Video_In_Decoder
Progress: Adding Video_RGB_Resampler [altera_up_avalon_video_rgb_resampler 15.0]
Progress: Parameterizing module Video_RGB_Resampler
Progress: Adding Video_Scaler [altera_up_avalon_video_scaler 15.0]
Progress: Parameterizing module Video_Scaler
Progress: Adding clk_0 [clock_source 15.0]
Progress: Parameterizing module clk_0
Progress: Adding video_pll_0 [altera_up_avalon_video_pll 15.0]
Progress: Parameterizing module video_pll_0
Progress: Building connections
Progress: Parameterizing connections
Progress: Validating
Progress: Done reading input file
Warning: nios_system.CPU: Nios II Classic cores are now superseded by improved Gen 2 cores.
Info: nios_system.CPU: CPUID control register value is 0. Please manually assign CPUID if creating multiple Nios II system
Info: nios_system.Chroma_Resampler: Chroma Resampling: 8 (bits) x 2 (planes) -> 8 (bits) x 3 (planes)
Info: nios_system.Color_Space_Converter: Colour Space Conversion: 8 (bits) x 3 (planes) (444 YCrCb) -> 8 (bits) x 3 (planes) (24-bit RGB)
Info: nios_system.Pixel_RGB_Resampler: RGB Resampling: 16 (bits) x 1 (planes) -> 10 (bits) x 3 (planes)
Info: nios_system.Pixel_Scaler: Change in Resolution: 320 x 240 -> 640 x 480
Info: nios_system.VGA_Controller: Video Output Stream: Format: 640 x 480 with Color: 10 (bits) x 3 (planes) converted to 8 (bits) per color plane
Info: nios_system.Video_Clipper: Change in Resolution: 720 x 244 -> 640 x 240
Info: nios_system.Video_In_Decoder: Video In Stream: Format: 720 x 244 (Odd Frames) or 720 x 243 (Even Frames) with Colour: 8 (bits) x 2 (planes) (YCrCb 4:2:2)
Info: nios_system.Video_RGB_Resampler: RGB Resampling: 8 (bits) x 3 (planes) -> 16 (bits) x 1 (planes)
Info: nios_system.Video_Scaler: Change in Resolution: 640 x 240 -> 320 x 240
Warning: nios_system.Pixel_Processor_DMA: Pixel_Processor_DMA.slave must be connected to an Avalon-MM master
Info: nios_system: Generating nios_system "nios_system" for QUARTUS_SYNTH
Info: AV_Config: Starting Generation of Audio and Video Config
Info: AV_Config: "nios_system" instantiated altera_up_avalon_audio_and_video_config "AV_Config"
Info: CPU: Starting RTL generation for module 'nios_system_CPU'
Info: CPU:   Generation command is [exec C:/altera/15.0/quartus/bin64/eperlcmd.exe -I C:/altera/15.0/quartus/bin64/perl/lib -I C:/altera/15.0/quartus/sopc_builder/bin/europa -I C:/altera/15.0/quartus/sopc_builder/bin/perl_lib -I C:/altera/15.0/quartus/sopc_builder/bin -I C:/altera/15.0/quartus/../ip/altera/nios2_ip/altera_nios2/cpu_lib -I C:/altera/15.0/quartus/../ip/altera/nios2_ip/altera_nios2/nios_lib -I C:/altera/15.0/quartus/../ip/altera/nios2_ip/altera_nios2 -I C:/altera/15.0/quartus/../ip/altera/nios2_ip/altera_nios2 -- C:/altera/15.0/quartus/../ip/altera/nios2_ip/altera_nios2/generate_rtl.epl --name=nios_system_CPU --dir=C:/Users/SOUMIT~1/AppData/Local/Temp/alt7144_1240847010408116196.dir/0002_CPU_gen/ --quartus_bindir=C:/altera/15.0/quartus/bin64 --verilog --config=C:/Users/SOUMIT~1/AppData/Local/Temp/alt7144_1240847010408116196.dir/0002_CPU_gen//nios_system_CPU_processor_configuration.pl  --do_build_sim=0  ]
Info: CPU: # 2016.12.09 08:02:07 (*) Starting Nios II generation
Info: CPU: # 2016.12.09 08:02:07 (*)   Checking for plaintext license.
Info: CPU: # 2016.12.09 08:02:08 (*)   Couldn't query license setup in Quartus directory C:/altera/15.0/quartus/bin64
Info: CPU: # 2016.12.09 08:02:08 (*)   Defaulting to contents of LM_LICENSE_FILE environment variable
Info: CPU: # 2016.12.09 08:02:08 (*)   LM_LICENSE_FILE environment variable is empty
Info: CPU: # 2016.12.09 08:02:08 (*)   Plaintext license not found.
Info: CPU: # 2016.12.09 08:02:08 (*)   No license required to generate encrypted Nios II/e.
Info: CPU: # 2016.12.09 08:02:08 (*)   Elaborating CPU configuration settings
Info: CPU: # 2016.12.09 08:02:08 (*)   Creating all objects for CPU
Info: CPU: # 2016.12.09 08:02:09 (*)   Generating RTL from CPU objects
Info: CPU: # 2016.12.09 08:02:09 (*)   Creating plain-text RTL
Info: CPU: # 2016.12.09 08:02:10 (*) Done Nios II generation
Info: CPU: Done RTL generation for module 'nios_system_CPU'
Info: CPU: "nios_system" instantiated altera_nios2_qsys "CPU"
Info: Chroma_Resampler: Starting Generation of Chroma Resampler
Info: Chroma_Resampler: "nios_system" instantiated altera_up_avalon_video_chroma_resampler "Chroma_Resampler"
Info: Color_Space_Converter: Starting Generation of Colour Space Converter
Info: Color_Space_Converter: "nios_system" instantiated altera_up_avalon_video_csc "Color_Space_Converter"
Info: Dual_Clock_FIFO: Starting Generation of the Dual Clock Buffer
Info: Dual_Clock_FIFO: "nios_system" instantiated altera_up_avalon_video_dual_clock_buffer "Dual_Clock_FIFO"
Info: Onchip_Memory: Starting RTL generation for module 'nios_system_Onchip_Memory'
Info: Onchip_Memory:   Generation command is [exec C:/altera/15.0/quartus/bin64/perl/bin/perl.exe -I C:/altera/15.0/quartus/bin64/perl/lib -I C:/altera/15.0/quartus/sopc_builder/bin/europa -I C:/altera/15.0/quartus/sopc_builder/bin/perl_lib -I C:/altera/15.0/quartus/sopc_builder/bin -I C:/altera/15.0/quartus/../ip/altera/sopc_builder_ip/common -I C:/altera/15.0/quartus/../ip/altera/sopc_builder_ip/altera_avalon_onchip_memory2 -- C:/altera/15.0/quartus/../ip/altera/sopc_builder_ip/altera_avalon_onchip_memory2/generate_rtl.pl --name=nios_system_Onchip_Memory --dir=C:/Users/SOUMIT~1/AppData/Local/Temp/alt7144_1240847010408116196.dir/0006_Onchip_Memory_gen/ --quartus_dir=C:/altera/15.0/quartus --verilog --config=C:/Users/SOUMIT~1/AppData/Local/Temp/alt7144_1240847010408116196.dir/0006_Onchip_Memory_gen//nios_system_Onchip_Memory_component_configuration.pl  --do_build_sim=0  ]
Info: Onchip_Memory: Done RTL generation for module 'nios_system_Onchip_Memory'
Info: Onchip_Memory: "nios_system" instantiated altera_avalon_onchip_memory2 "Onchip_Memory"
Info: Pixel_Buffer: Starting Generation of SRAM or SSRAM Controller
Info: Pixel_Buffer: "nios_system" instantiated altera_up_avalon_sram "Pixel_Buffer"
Info: Pixel_Buffer_DMA: Starting Generation of VGA Pixel Buffer
Info: Pixel_Buffer_DMA: "nios_system" instantiated altera_up_avalon_video_pixel_buffer_dma "Pixel_Buffer_DMA"
Info: Pixel_Processor_DMA: "nios_system" instantiated Pixel_Processor_DMA "Pixel_Processor_DMA"
Info: Pixel_RGB_Resampler: Starting Generation of Video RGB Resampler
Info: Pixel_RGB_Resampler: "nios_system" instantiated altera_up_avalon_video_rgb_resampler "Pixel_RGB_Resampler"
Info: Pixel_Scaler: Starting Generation of Video Scaler
Info: Pixel_Scaler: "nios_system" instantiated altera_up_avalon_video_scaler "Pixel_Scaler"
Info: VGA_Controller: Starting Generation of VGA Controller
Info: VGA_Controller: "nios_system" instantiated altera_up_avalon_video_vga_controller "VGA_Controller"
Info: Video_Clipper: Starting generation of the video clipper
Info: Video_Clipper: "nios_system" instantiated altera_up_avalon_video_clipper "Video_Clipper"
Info: Video_In_Decoder: Starting Generation of Video In Decoder
Info: Video_In_Decoder: "nios_system" instantiated altera_up_avalon_video_decoder "Video_In_Decoder"
Info: Video_RGB_Resampler: Starting Generation of Video RGB Resampler
Info: Video_RGB_Resampler: "nios_system" instantiated altera_up_avalon_video_rgb_resampler "Video_RGB_Resampler"
Info: Video_Scaler: Starting Generation of Video Scaler
Info: Video_Scaler: "nios_system" instantiated altera_up_avalon_video_scaler "Video_Scaler"
Info: Reusing file C:/Users/Soumithri/Desktop/project_base/nios_system/synthesis/submodules/altera_up_video_scaler_shrink.v
Info: Reusing file C:/Users/Soumithri/Desktop/project_base/nios_system/synthesis/submodules/altera_up_video_scaler_multiply_width.v
Info: Reusing file C:/Users/Soumithri/Desktop/project_base/nios_system/synthesis/submodules/altera_up_video_scaler_multiply_height.v
Info: video_pll_0: "nios_system" instantiated altera_up_avalon_video_pll "video_pll_0"
Info: avalon_st_adapter: Inserting error_adapter: error_adapter_0
Info: avalon_st_adapter_001: Inserting error_adapter: error_adapter_0
Info: avalon_st_adapter_002: Inserting error_adapter: error_adapter_0
Info: avalon_st_adapter_003: Inserting error_adapter: error_adapter_0
Info: avalon_st_adapter_004: Inserting error_adapter: error_adapter_0
Info: mm_interconnect_0: "nios_system" instantiated altera_mm_interconnect "mm_interconnect_0"
Info: irq_mapper: "nios_system" instantiated altera_irq_mapper "irq_mapper"
Info: rst_controller: "nios_system" instantiated altera_reset_controller "rst_controller"
Info: video_pll: "video_pll_0" instantiated altera_up_altpll "video_pll"
Info: reset_from_locked: "video_pll_0" instantiated altera_up_avalon_reset_from_locked_signal "reset_from_locked"
Info: Pixel_Processor_DMA_avalon_master_translator: "mm_interconnect_0" instantiated altera_merlin_master_translator "Pixel_Processor_DMA_avalon_master_translator"
Info: Pixel_Buffer_avalon_sram_slave_translator: "mm_interconnect_0" instantiated altera_merlin_slave_translator "Pixel_Buffer_avalon_sram_slave_translator"
Info: Pixel_Processor_DMA_avalon_master_agent: "mm_interconnect_0" instantiated altera_merlin_master_agent "Pixel_Processor_DMA_avalon_master_agent"
Info: Pixel_Buffer_avalon_sram_slave_agent: "mm_interconnect_0" instantiated altera_merlin_slave_agent "Pixel_Buffer_avalon_sram_slave_agent"
Info: Pixel_Buffer_avalon_sram_slave_agent_rsp_fifo: "mm_interconnect_0" instantiated altera_avalon_sc_fifo "Pixel_Buffer_avalon_sram_slave_agent_rsp_fifo"
Info: router: "mm_interconnect_0" instantiated altera_merlin_router "router"
Info: router_002: "mm_interconnect_0" instantiated altera_merlin_router "router_002"
Info: router_003: "mm_interconnect_0" instantiated altera_merlin_router "router_003"
Info: router_004: "mm_interconnect_0" instantiated altera_merlin_router "router_004"
Info: router_005: "mm_interconnect_0" instantiated altera_merlin_router "router_005"
Info: router_007: "mm_interconnect_0" instantiated altera_merlin_router "router_007"
Info: Pixel_Buffer_avalon_sram_slave_burst_adapter: "mm_interconnect_0" instantiated altera_merlin_burst_adapter "Pixel_Buffer_avalon_sram_slave_burst_adapter"
Info: cmd_demux: "mm_interconnect_0" instantiated altera_merlin_demultiplexer "cmd_demux"
Info: cmd_demux_002: "mm_interconnect_0" instantiated altera_merlin_demultiplexer "cmd_demux_002"
Info: cmd_demux_003: "mm_interconnect_0" instantiated altera_merlin_demultiplexer "cmd_demux_003"
Info: cmd_mux: "mm_interconnect_0" instantiated altera_merlin_multiplexer "cmd_mux"
Info: cmd_mux_001: "mm_interconnect_0" instantiated altera_merlin_multiplexer "cmd_mux_001"
Info: Reusing file C:/Users/Soumithri/Desktop/project_base/nios_system/synthesis/submodules/altera_merlin_arbitrator.sv
Info: cmd_mux_003: "mm_interconnect_0" instantiated altera_merlin_multiplexer "cmd_mux_003"
Info: Reusing file C:/Users/Soumithri/Desktop/project_base/nios_system/synthesis/submodules/altera_merlin_arbitrator.sv
Info: rsp_demux: "mm_interconnect_0" instantiated altera_merlin_demultiplexer "rsp_demux"
Info: rsp_demux_001: "mm_interconnect_0" instantiated altera_merlin_demultiplexer "rsp_demux_001"
Info: rsp_mux: "mm_interconnect_0" instantiated altera_merlin_multiplexer "rsp_mux"
Info: Reusing file C:/Users/Soumithri/Desktop/project_base/nios_system/synthesis/submodules/altera_merlin_arbitrator.sv
Info: rsp_mux_002: "mm_interconnect_0" instantiated altera_merlin_multiplexer "rsp_mux_002"
Info: Reusing file C:/Users/Soumithri/Desktop/project_base/nios_system/synthesis/submodules/altera_merlin_arbitrator.sv
Info: rsp_mux_003: "mm_interconnect_0" instantiated altera_merlin_multiplexer "rsp_mux_003"
Info: Reusing file C:/Users/Soumithri/Desktop/project_base/nios_system/synthesis/submodules/altera_merlin_arbitrator.sv
Info: CPU_data_master_to_Pixel_Buffer_avalon_sram_slave_cmd_width_adapter: "mm_interconnect_0" instantiated altera_merlin_width_adapter "CPU_data_master_to_Pixel_Buffer_avalon_sram_slave_cmd_width_adapter"
Info: Reusing file C:/Users/Soumithri/Desktop/project_base/nios_system/synthesis/submodules/altera_merlin_address_alignment.sv
Info: Reusing file C:/Users/Soumithri/Desktop/project_base/nios_system/synthesis/submodules/altera_merlin_burst_uncompressor.sv
Info: avalon_st_adapter: "mm_interconnect_0" instantiated altera_avalon_st_adapter "avalon_st_adapter"
Info: avalon_st_adapter_001: "mm_interconnect_0" instantiated altera_avalon_st_adapter "avalon_st_adapter_001"
Info: error_adapter_0: "avalon_st_adapter" instantiated error_adapter "error_adapter_0"
Info: error_adapter_0: "avalon_st_adapter_001" instantiated error_adapter "error_adapter_0"
Info: nios_system: Done "nios_system" with 51 modules, 105 files
Info: ip-generate succeeded.
Info: Finished: Create HDL design files for synthesis
